[www.thptthanglong.me/index.html]
[backblue.gif]
[fade.gif]
[index.html]
[www.thptthanglong.me/favicon.ico]
[www.thptthanglong.me/feeds/posts/default]
[www.thptthanglong.me/feeds/posts/default9522]
[www.gstatic.com/external_hosted/clipboardjs/clipboard.min.js]
[www.thptthanglong.me/responsive/sprite_v1_6.css.svg]
[www.thptthanglong.me/https.5.delayed]
[www.thptthanglong.me/2021/04/ai-hoi-ai-bieu-cha-me-hoc-sinh-nam-hoc.html]
[www.thptthanglong.me/2021/04/bung-no-cam-xuc-em-gala-project-12-kim.html]
[www.thptthanglong.me/2021/04/dien-van-chao-mung-ngay-nha-giao-vn-20.html]
[www.thptthanglong.me/2021/04/hanh-trinh-tham-quan-da-ngoai-2020-vinh.html]
[www.thptthanglong.me/2021/04/truong-thpt-nam-banh-cong-khai-du-toan.html]
[resources.blogblog.com/blogblog/data/res/4280777139-rockpool_compiled.js]
[www.blogger.com/static/v1/widgets/1333095498-widgets.js]
[www.thptthanglong.me/index.html]
[www.thptthanglong.me/responsive/sprite_v1_6.css.svg]
[www.thptthanglong.me/https.html]
[www.thptthanglong.me/feeds/8970085908536316532/comments/default]
[thptkimlien-hanoi.edu.vn/data/data/IMG_8547.jpg]
[thptkimlien-hanoi.edu.vn/data/data/IMG_8550.jpg]
[thptkimlien-hanoi.edu.vn/data/data/IMG_8582 - Copy.jpg]
[thptkimlien-hanoi.edu.vn/data/data/IMG_8563(1).jpg]
[www.blogger.com/static/v1/jsbin/1639926472-comment_from_post_iframe.js]
[www.thptthanglong.me/2021/04/https.14.delayed]
[www.thptthanglong.me/2021/04/ai-hoi-ai-bieu-cha-me-hoc-sinh-nam-hoc.html]
[www.thptthanglong.me/feeds/4927495634389304137/comments/default]
[thptkimlien-hanoi.edu.vn/data/data/1 _ Le tri an.jpg]
[thptkimlien-hanoi.edu.vn/data/data/2 _ Le tri an.jpg]
[thptkimlien-hanoi.edu.vn/data/data/3 _ Le tri an.jpg]
[www.thptthanglong.me/2021/04/bung-no-cam-xuc-em-gala-project-12-kim.html]
[www.thptthanglong.me/feeds/4286185398087880960/comments/default]
[www.thptthanglong.me/2021/04/dien-van-chao-mung-ngay-nha-giao-vn-20.html]
[www.thptthanglong.me/feeds/2183693513728686998/comments/default]
[thptkimlien-hanoi.edu.vn/data/data/Tin nhà trường/IMG_8240.jpg]
[thptkimlien-hanoi.edu.vn/data/data/Tin nhà trường/IMG_8243.jpg]
[www.thptthanglong.me/2021/04/hanh-trinh-tham-quan-da-ngoai-2020-vinh.html]
[www.thptthanglong.me/feeds/1503194149117919162/comments/default]
[thptkimlien-hanoi.edu.vn/data/data/Tin nhà trường/z2348000707170_13387b6be154373065b47ec3400c3d5d.jpg]
[thptkimlien-hanoi.edu.vn/data/data/Tin nhà trường/z2348000707975_1f2c8eadf7a3468f6cac2c864357f44f.jpg]
[www.google.com/js/bg/oc-UE9F340X5Xk868w9B9rPXCBakDVeb7GU-wII6IwM.js]
[www.thptthanglong.me/b/csi476d.js]
[www.thptthanglong.me/2021/04/truong-thpt-nam-banh-cong-khai-du-toan.html]
[www.blogger.com/dyn-css/authorization1794.css]
[www.thptthanglong.me/2021/04/https.html]
